MemTotal:       16313772 kB
MemFree:         8445896 kB
MemAvailable:   10560460 kB
Buffers:          212468 kB
Cached:          2612896 kB
SwapCached:            0 kB
Active:          4694192 kB
Inactive:        1754400 kB
Active(anon):    3649808 kB
Inactive(anon):   578344 kB
Active(file):    1044384 kB
Inactive(file):  1176056 kB
Unevictable:          20 kB
Mlocked:              20 kB
SwapTotal:       8200188 kB
SwapFree:        8200188 kB
Dirty:                96 kB
Writeback:             0 kB
AnonPages:       3623248 kB
Mapped:          1378092 kB
Shmem:            604932 kB
Slab:             203804 kB
SReclaimable:     126100 kB
SUnreclaim:        77704 kB
KernelStack:       16800 kB
PageTables:        93380 kB
NFS_Unstable:          0 kB
Bounce:                0 kB
WritebackTmp:          0 kB
CommitLimit:    16357072 kB
Committed_AS:   15130744 kB
VmallocTotal:   34359738367 kB
VmallocUsed:      397952 kB
VmallocChunk:   34359331580 kB
HardwareCorrupted:     0 kB
AnonHugePages:         0 kB
HugePages_Total:       0
HugePages_Free:        0
HugePages_Rsvd:        0
HugePages_Surp:        0
Hugepagesize:       2048 kB
DirectMap4k:      317056 kB
DirectMap2M:    16340992 kB
